// Jest Snapshot v1, https://goo.gl/fbAQLP

exports[`renders correctly 1`] = `
<View
  style={
    Object {
      "alignItems": "center",
      "backgroundColor": "red",
      "justifyContent": "center",
    }
  }
>
  <Text
    style={
      Object {
        "color": "green",
      }
    }
  >
    Vodka, Orange Juice and Cointreau
  </Text>
</View>
`;
